// Jest Snapshot v1, https://goo.gl/fbAQLP

exports[`SecurityAlert #render should match snapshot 1`] = `ReactWrapper {}`;
